// Jest Snapshot v1, https://goo.gl/fbAQLP

exports[`renders correctly 1`] = `
<Fragment>
  <Result
    extra={
      <Button
        type="primary"
      >
        Back Home
      </Button>
    }
    status="500"
    subTitle="Sorry, something went wrong."
    title="500"
  />
</Fragment>
`;
