// Jest Snapshot v1, https://goo.gl/fbAQLP

exports[`renders correctly 1`] = `
<Fragment>
  <PageHeader
    avatar={
      Object {
        "src": <FcSettings />,
      }
    }
    className="site-page-header"
    title="My settings:"
  />
</Fragment>
`;
