// Jest Snapshot v1, https://goo.gl/fbAQLP

exports[`renders correctly 1`] = `
<Fragment>
  <PageHeader
    className="site-page-header"
    subTitle="List all aircrafts"
    title="Aircraft"
  />
</Fragment>
`;
